TEST 1: 
fifo hits: 2107
Time taken by function: 15 miliseconds; 
ideal hits: 7135
Time taken by function: 35 miliseconds; 

 
 
TEST 2: 
fifo hits: 2007
Time taken by function: 9 miliseconds; 
ideal hits: 6436
Time taken by function: 29 miliseconds; 

 
 
TEST 3: 
fifo hits: 1485
Time taken by function: 7 miliseconds; 
ideal hits: 4981
Time taken by function: 21 miliseconds; 

 
 
TEST 4: 
fifo hits: 1580
Time taken by function: 9 miliseconds; 
ideal hits: 5612
Time taken by function: 26 miliseconds; 

 
 
TEST 5: 
fifo hits: 3116
Time taken by function: 12 miliseconds; 
ideal hits: 8884
Time taken by function: 38 miliseconds; 

 
 
TEST 6: 
fifo hits: 1621
Time taken by function: 9 miliseconds; 
ideal hits: 5993
Time taken by function: 26 miliseconds; 

 
 
TEST 7: 
fifo hits: 1953
Time taken by function: 6 miliseconds; 
ideal hits: 5568
Time taken by function: 25 miliseconds; 

 
 
TEST 8: 
fifo hits: 1719
Time taken by function: 10 miliseconds; 
ideal hits: 6706
Time taken by function: 22 miliseconds; 

 
 
TEST 9: 
fifo hits: 2336
Time taken by function: 7 miliseconds; 
ideal hits: 6938
Time taken by function: 28 miliseconds; 

 
 
TEST 10: 
fifo hits: 1249
Time taken by function: 6 miliseconds; 
ideal hits: 4434
Time taken by function: 19 miliseconds; 

 
 
